# hyperchunk stage completion log v1
# every generation-step completion in the dump dimension, all chunks,
#   in completion order (ChunkStep.apply future continuation)
# columns stageIndex stageName chunkX chunkZ featuresSeq nanos
01 structure_starts -11 -9 0 1429470780449764
01 structure_starts -11 -8 0 1429470781772281
01 structure_starts -11 -7 0 1429470854235517
01 structure_starts -11 -6 0 1429470854507619
01 structure_starts -11 -5 0 1429470854742845
01 structure_starts -11 -4 0 1429470854994274
01 structure_starts -11 -3 0 1429470855643799
01 structure_starts -11 -2 0 1429470855960320
01 structure_starts -11 -1 0 1429470856253933
01 structure_starts -11 0 0 1429470856460385
01 structure_starts -11 1 0 1429470856613756
01 structure_starts -11 2 0 1429470856745058
01 structure_starts -11 3 0 1429470856888652
01 structure_starts -11 4 0 1429470857149021
01 structure_starts -11 5 0 1429470857321948
01 structure_starts -11 6 0 1429470857950800
01 structure_starts -11 7 0 1429470858214800
01 structure_starts -11 8 0 1429470858418737
01 structure_starts -11 9 0 1429470858656477
01 structure_starts -11 10 0 1429470859094802
01 structure_starts -11 11 0 1429470859373329
01 structure_starts -10 -9 0 1429470859545139
01 structure_starts -10 -8 0 1429470859703260
01 structure_starts -10 -7 0 1429470859884009
01 structure_starts -10 -6 0 1429470860066994
01 structure_starts -10 -5 0 1429470860310880
01 structure_starts -10 -4 0 1429470860449445
01 structure_starts -10 -3 0 1429470860566779
01 structure_starts -10 -2 0 1429470860712608
01 structure_starts -10 -1 0 1429470860907884
01 structure_starts -10 0 0 1429470861083605
01 structure_starts -10 1 0 1429470861263517
01 structure_starts -10 2 0 1429470861400964
01 structure_starts -10 3 0 1429470861528914
01 structure_starts -10 4 0 1429470861634235
01 structure_starts -10 5 0 1429470861738159
01 structure_starts -10 6 0 1429470861839568
01 structure_starts -10 7 0 1429470885558543
01 structure_starts -10 8 0 1429470885773096
01 structure_starts -10 9 0 1429470886130404
01 structure_starts -10 10 0 1429470886302773
01 structure_starts -10 11 0 1429470886503078
01 structure_starts -9 -9 0 1429470886648348
01 structure_starts -9 -8 0 1429470886773783
01 structure_starts -9 -7 0 1429470886955929
01 structure_starts -9 -6 0 1429470887131371
01 structure_starts -9 -5 0 1429470887321619
01 structure_starts -9 -4 0 1429470887475829
01 structure_starts -9 -3 0 1429470887623054
01 structure_starts -9 -2 0 1429470887779220
01 structure_starts -9 -1 0 1429470887963601
01 structure_starts -9 0 0 1429470888159995
01 structure_starts -9 1 0 1429470888313925
01 structure_starts -9 2 0 1429470888460313
01 structure_starts -9 3 0 1429470888562561
01 structure_starts -9 4 0 1429470888669558
01 structure_starts -9 5 0 1429470888769850
01 structure_starts -9 6 0 1429470888887742
01 structure_starts -9 7 0 1429470888994739
01 structure_starts -9 8 0 1429470889522740
01 structure_starts -9 9 0 1429470889645661
01 structure_starts -9 10 0 1429470889733382
01 structure_starts -9 11 0 1429470889826131
01 structure_starts -8 -9 0 1429470889964417
01 structure_starts -8 -8 0 1429470890376481
01 structure_starts -8 -7 0 1429470890864533
01 structure_starts -8 -6 0 1429470891054502
01 structure_starts -8 -5 0 1429470891158984
01 structure_starts -8 -4 0 1429470891274642
01 structure_starts -8 -3 0 1429470891371861
01 structure_starts -8 -2 0 1429470891459302
01 structure_starts -8 -1 0 1429470891550375
01 structure_starts -8 0 0 1429470891692293
01 structure_starts -8 1 0 1429470891773588
01 structure_starts -8 2 0 1429470891868573
01 structure_starts -8 3 0 1429470891959087
01 structure_starts -8 4 0 1429470892153526
01 structure_starts -8 5 0 1429470892300472
01 structure_starts -8 6 0 1429470892389590
01 structure_starts -8 7 0 1429470892490999
01 structure_starts -8 8 0 1429470892579279
01 structure_starts -8 9 0 1429470892673146
01 structure_starts -8 10 0 1429470892784054
01 structure_starts -8 11 0 1429470892947203
01 structure_starts -7 -9 0 1429470893062861
01 structure_starts -7 -8 0 1429470893155331
01 structure_starts -7 -7 0 1429470893258975
01 structure_starts -7 -6 0 1429470893367369
01 structure_starts -7 -5 0 1429470893455090
01 structure_starts -7 -4 0 1429470893541134
01 structure_starts -7 -3 0 1429470893629693
01 structure_starts -7 -2 0 1429470893712106
01 structure_starts -7 -1 0 1429470893790049
01 structure_starts -7 0 0 1429470893871344
01 structure_starts -7 1 0 1429470893967167
01 structure_starts -7 2 0 1429470894091205
01 structure_starts -7 3 0 1429470894180602
01 structure_starts -7 4 0 1429470894264132
01 structure_starts -7 5 0 1429470894356882
01 structure_starts -7 6 0 1429470894440133
01 structure_starts -7 7 0 1429470894525898
01 structure_starts -7 8 0 1429470894672565
01 structure_starts -7 9 0 1429470894759727
01 structure_starts -7 10 0 1429470894844095
01 structure_starts -7 11 0 1429470894930140
01 structure_starts -6 -9 0 1429470895060045
01 structure_starts -6 -8 0 1429470895145251
01 structure_starts -6 -7 0 1429470895291639
01 structure_starts -6 -6 0 1429470895382712
01 structure_starts -6 -5 0 1429470895469595
01 structure_starts -6 -4 0 1429470895551449
01 structure_starts -6 -3 0 1429470895636655
01 structure_starts -6 -2 0 1429470895718230
01 structure_starts -6 -1 0 1429470895805113
01 structure_starts -6 0 0 1429470895887805
01 structure_starts -6 1 0 1429470895974688
01 structure_starts -6 2 0 1429470896098167
01 structure_starts -6 3 0 1429470896188682
01 structure_starts -6 4 0 1429470896281711
01 structure_starts -6 5 0 1429470896365800
01 structure_starts -6 6 0 1429470896451285
01 structure_starts -6 7 0 1429470896534816
01 structure_starts -6 8 0 1429470896665000
01 structure_starts -6 9 0 1429470896798816
01 structure_starts -6 10 0 1429470897412303
01 structure_starts -6 11 0 1429470897584951
01 structure_starts -5 -9 0 1429470897851745
01 structure_starts -5 -8 0 1429470898569994
01 structure_starts -5 -7 0 1429470899145487
01 structure_starts -5 -6 0 1429470899284890
01 structure_starts -5 -5 0 1429470899394122
01 structure_starts -5 -4 0 1429470899500840
01 structure_starts -5 -3 0 1429470899596942
01 structure_starts -5 -2 0 1429470899685780
01 structure_starts -5 -1 0 1429470899770986
01 structure_starts -5 0 0 1429470899864015
01 structure_starts -5 1 0 1429470899950339
01 structure_starts -5 2 0 1429470900147013
01 structure_starts -5 3 0 1429470900249260
01 structure_starts -5 4 0 1429470900342289
01 structure_starts -5 5 0 1429470900472194
01 structure_starts -5 6 0 1429470900597629
01 structure_starts -5 7 0 1429470900681439
01 structure_starts -5 8 0 1429470900816652
01 structure_starts -5 9 0 1429470900906887
01 structure_starts -5 10 0 1429470901006341
01 structure_starts -5 11 0 1429470901154125
01 structure_starts -4 -9 0 1429470901255535
01 structure_starts -4 -8 0 1429470901366443
01 structure_starts -4 -7 0 1429470901470367
01 structure_starts -4 -6 0 1429470901575409
01 structure_starts -4 -5 0 1429470901675422
01 structure_starts -4 -4 0 1429470901785492
01 structure_starts -4 -3 0 1429470901874050
01 structure_starts -4 -2 0 1429470901964006
01 structure_starts -4 -1 0 1429470902115981
01 structure_starts -4 0 0 1429470902197276
01 structure_starts -4 1 0 1429470902288070
01 structure_starts -4 2 0 1429470902374115
01 structure_starts -4 3 0 1429470902461556
01 structure_starts -4 4 0 1429470902553467
01 structure_starts -4 5 0 1429470902638115
01 structure_starts -4 6 0 1429470902712147
01 structure_starts -4 7 0 1429470902797354
01 structure_starts -4 8 0 1429470902873620
01 structure_starts -4 9 0 1429470902970560
01 structure_starts -4 10 0 1429470903131754
01 structure_starts -4 11 0 1429470903237634
01 structure_starts -3 -9 0 1429470903435704
01 structure_starts -3 -8 0 1429470903554993
01 structure_starts -3 -7 0 1429470903805305
01 structure_starts -3 -6 0 1429470903939679
01 structure_starts -3 -5 0 1429470904160378
01 structure_starts -3 -4 0 1429470904320734
01 structure_starts -3 -3 0 1429470904404823
01 structure_starts -3 -2 0 1429470904491706
01 structure_starts -3 -1 0 1429470904658766
01 structure_starts -3 0 0 1429470904767160
01 structure_starts -3 1 0 1429470904900138
01 structure_starts -3 2 0 1429470905064405
01 structure_starts -3 3 0 1429470905168888
01 structure_starts -3 4 0 1429470905252418
01 structure_starts -3 5 0 1429470905368355
01 structure_starts -3 6 0 1429470905844673
01 structure_starts -3 7 0 1429470905954184
01 structure_starts -3 8 0 1429470906122642
01 structure_starts -3 9 0 1429470906236344
01 structure_starts -3 10 0 1429470906342503
01 structure_starts -3 11 0 1429470906437208
01 structure_starts -2 -9 0 1429470906567392
01 structure_starts -2 -8 0 1429470906690033
01 structure_starts -2 -7 0 1429470906781945
01 structure_starts -2 -6 0 1429470906898719
01 structure_starts -2 -5 0 1429470907057958
01 structure_starts -2 -4 0 1429470907164117
01 structure_starts -2 -3 0 1429470907308269
01 structure_starts -2 -2 0 1429470907420016
01 structure_starts -2 -1 0 1429470907591546
01 structure_starts -2 0 0 1429470907718937
01 structure_starts -2 1 0 1429470907877337
01 structure_starts -2 2 0 1429470908084906
01 structure_starts -2 3 0 1429470908182684
01 structure_starts -2 4 0 1429470908386341
01 structure_starts -2 5 0 1429470908474621
01 structure_starts -2 6 0 1429470908596703
01 structure_starts -2 7 0 1429470908707053
01 structure_starts -2 8 0 1429470908811535
01 structure_starts -2 9 0 1429470908916856
01 structure_starts -2 10 0 1429470909071625
01 structure_starts -2 11 0 1429470909185327
01 structure_starts -1 -9 0 1429470909315790
01 structure_starts -1 -8 0 1429470909430610
01 structure_starts -1 -7 0 1429470909544032
01 structure_starts -1 -6 0 1429470909657734
01 structure_starts -1 -5 0 1429470909767245
01 structure_starts -1 -4 0 1429470909884858
01 structure_starts -1 -3 0 1429470920850236
01 structure_starts -1 -2 0 1429470921076522
01 structure_starts -1 -1 0 1429470921177931
01 structure_starts -1 0 0 1429470953303295
01 structure_starts -1 1 0 1429470959912525
01 structure_starts -1 2 0 1429470964623467
01 structure_starts -1 3 0 1429470964730743
01 structure_starts -1 4 0 1429470964829080
01 structure_starts -1 5 0 1429470964929093
01 structure_starts -1 6 0 1429470965067938
01 structure_starts -1 7 0 1429470965179404
01 structure_starts -1 8 0 1429470965273551
01 structure_starts -1 9 0 1429470965364344
01 structure_starts -1 10 0 1429470965466872
01 structure_starts -1 11 0 1429470965563811
01 structure_starts 0 -9 0 1429470965668015
01 structure_starts 0 -8 0 1429470965826415
01 structure_starts 0 -7 0 1429470965894022
01 structure_starts 0 -6 0 1429470965966657
01 structure_starts 0 -5 0 1429470966107457
01 structure_starts 0 -4 0 1429470966180092
01 structure_starts 0 -3 0 1429470966257197
01 structure_starts 0 -2 0 1429470966327038
01 structure_starts 0 -1 0 1429470966401908
01 structure_starts 0 0 0 1429470971192469
01 structure_starts 0 1 0 1429470976495945
01 structure_starts 0 2 0 1429470981849706
01 structure_starts 0 3 0 1429470982074596
01 structure_starts 0 4 0 1429470982162596
01 structure_starts 0 5 0 1429470982259256
01 structure_starts 0 6 0 1429470982374075
01 structure_starts 0 7 0 1429470982458165
01 structure_starts 0 8 0 1429470983161886
01 structure_starts 0 9 0 1429470984298345
01 structure_starts 0 10 0 1429470984658448
01 structure_starts 0 11 0 1429470984756226
01 structure_starts 1 -9 0 1429470984854562
01 structure_starts 1 -8 0 1429470984942562
01 structure_starts 1 -7 0 1429470985677015
01 structure_starts 1 -6 0 1429470988602531
01 structure_starts 1 -5 0 1429470988742772
01 structure_starts 1 -4 0 1429470988832728
01 structure_starts 1 -3 0 1429470988925198
01 structure_starts 1 -2 0 1429470989082760
01 structure_starts 1 -1 0 1429470989155954
01 structure_starts 1 0 0 1429470995142479
01 structure_starts 1 1 0 1429471000070766
01 structure_starts 1 2 0 1429471004959105
01 structure_starts 1 3 0 1429471005088172
01 structure_starts 1 4 0 1429471005159969
01 structure_starts 1 5 0 1429471005213328
01 structure_starts 1 6 0 1429471017098936
01 structure_starts 1 7 0 1429471017310974
01 structure_starts 1 8 0 1429471017403723
01 structure_starts 1 9 0 1429471017487812
01 structure_starts 1 10 0 1429471017578327
01 structure_starts 1 11 0 1429471017662137
01 structure_starts 2 -9 0 1429471017749019
01 structure_starts 2 -8 0 1429471017852943
01 structure_starts 2 -7 0 1429471018077553
01 structure_starts 2 -6 0 1429471018146836
01 structure_starts 2 -5 0 1429471018198518
01 structure_starts 2 -4 0 1429471018261096
01 structure_starts 2 -3 0 1429471018320881
01 structure_starts 2 -2 0 1429471018382062
01 structure_starts 2 -1 0 1429471018432906
01 structure_starts 2 0 0 1429471018494087
01 structure_starts 2 1 0 1429471018544932
01 structure_starts 2 2 0 1429471018605554
01 structure_starts 2 3 0 1429471018769542
01 structure_starts 2 4 0 1429471018825973
01 structure_starts 2 5 0 1429471026325821
01 structure_starts 2 6 0 1429471026627257
01 structure_starts 2 7 0 1429471026703803
01 structure_starts 2 8 0 1429471026790965
01 structure_starts 2 9 0 1429471026870584
01 structure_starts 2 10 0 1429471026947689
01 structure_starts 2 11 0 1429471027079270
01 structure_starts 3 -9 0 1429471027162521
01 structure_starts 3 -8 0 1429471027242699
01 structure_starts 3 -7 0 1429471027319245
01 structure_starts 3 -6 0 1429471027384617
01 structure_starts 3 -5 0 1429471027458369
01 structure_starts 3 -4 0 1429471027536033
01 structure_starts 3 -3 0 1429471027615932
01 structure_starts 3 -2 0 1429471027701417
01 structure_starts 3 -1 0 1429471027851716
01 structure_starts 3 0 0 1429471027934129
01 structure_starts 3 1 0 1429471028154269
01 structure_starts 3 2 0 1429471028241990
01 structure_starts 3 3 0 1429471028343120
01 structure_starts 3 4 0 1429471028427768
01 structure_starts 3 5 0 1429471028589800
01 structure_starts 3 6 0 1429471028656289
01 structure_starts 3 7 0 1429471029081204
01 structure_starts 3 8 0 1429471029249661
01 structure_starts 3 9 0 1429471029379846
01 structure_starts 3 10 0 1429471029688824
01 structure_starts 3 11 0 1429471029799173
01 structure_starts 4 -9 0 1429471029901142
01 structure_starts 4 -8 0 1429471030234146
01 structure_starts 4 -7 0 1429471030467136
01 structure_starts 4 -6 0 1429471030571619
01 structure_starts 4 -5 0 1429471030654311
01 structure_starts 4 -4 0 1429471030757956
01 structure_starts 4 -3 0 1429471030877804
01 structure_starts 4 -2 0 1429471030930045
01 structure_starts 4 -1 0 1429471031052407
01 structure_starts 4 0 0 1429471031139290
01 structure_starts 4 1 0 1429471031208573
01 structure_starts 4 2 0 1429471031296852
01 structure_starts 4 3 0 1429471031349094
01 structure_starts 4 4 0 1429471031431227
01 structure_starts 4 5 0 1429471031499672
01 structure_starts 4 6 0 1429471031556942
01 structure_starts 4 7 0 1429471031634326
01 structure_starts 4 8 0 1429471031684053
01 structure_starts 4 9 0 1429471031741043
01 structure_starts 4 10 0 1429471031789932
01 structure_starts 4 11 0 1429471031844688
01 structure_starts 5 -9 0 1429471097908498
01 structure_starts 5 -8 0 1429471098135343
01 structure_starts 5 -7 0 1429471098200993
01 structure_starts 5 -6 0 1429471098248486
01 structure_starts 5 -5 0 1429471098312740
01 structure_starts 5 -4 0 1429471098358556
01 structure_starts 5 -3 0 1429471098413591
01 structure_starts 5 -2 0 1429471098458010
01 structure_starts 5 -1 0 1429471098513883
01 structure_starts 5 0 0 1429471098641832
01 structure_starts 5 1 0 1429471098690721
01 structure_starts 5 2 0 1429471098744639
01 structure_starts 5 3 0 1429471098791293
01 structure_starts 5 4 0 1429471106697618
01 structure_starts 5 5 0 1429471106781427
01 structure_starts 5 6 0 1429471106829199
01 structure_starts 5 7 0 1429471106883954
01 structure_starts 5 8 0 1429471106931167
01 structure_starts 5 9 0 1429471106985085
01 structure_starts 5 10 0 1429471107082583
01 structure_starts 5 11 0 1429471107137339
01 structure_starts 6 -9 0 1429471107183155
01 structure_starts 6 -8 0 1429471107239028
01 structure_starts 6 -7 0 1429471107290990
01 structure_starts 6 -6 0 1429471107347422
01 structure_starts 6 -5 0 1429471107390724
01 structure_starts 6 -4 0 1429471107446597
01 structure_starts 6 -3 0 1429471107489619
01 structure_starts 6 -2 0 1429471107545492
01 structure_starts 6 -1 0 1429471107597454
01 structure_starts 6 0 0 1429471107653607
01 structure_starts 6 1 0 1429471107696350
01 structure_starts 6 2 0 1429471107750267
01 structure_starts 6 3 0 1429471107799156
01 structure_starts 6 4 0 1429471107852794
01 structure_starts 6 5 0 1429471107901404
01 structure_starts 6 6 0 1429471107955321
01 structure_starts 6 7 0 1429471108051703
01 structure_starts 6 8 0 1429471108262065
01 structure_starts 6 9 0 1429471108324363
01 structure_starts 6 10 0 1429471108529697
01 structure_starts 6 11 0 1429471108594510
01 structure_starts 7 -9 0 1429471108647589
01 structure_starts 7 -8 0 1429471108695081
01 structure_starts 7 -7 0 1429471108752072
01 structure_starts 7 -6 0 1429471108795653
01 structure_starts 7 -5 0 1429471108925558
01 structure_starts 7 -4 0 1429471110398653
01 structure_starts 7 -3 0 1429471110564037
01 structure_starts 7 -2 0 1429471110631644
01 structure_starts 7 -1 0 1429471110697574
01 structure_starts 7 0 0 1429471110765460
01 structure_starts 7 1 0 1429471110823568
01 structure_starts 7 2 0 1429471110897320
01 structure_starts 7 3 0 1429471110975543
01 structure_starts 7 4 0 1429471111102933
01 structure_starts 7 5 0 1429471111164394
01 structure_starts 7 6 0 1429471117192264
01 structure_starts 7 7 0 1429471117348988
01 structure_starts 7 8 0 1429471117409331
01 structure_starts 7 9 0 1429471117486995
01 structure_starts 7 10 0 1429471117547617
01 structure_starts 7 11 0 1429471117620252
01 structure_starts 8 -9 0 1429471117678640
01 structure_starts 8 -8 0 1429471117757142
01 structure_starts 8 -7 0 1429471117812735
01 structure_starts 8 -6 0 1429471117880901
01 structure_starts 8 -5 0 1429471117944596
01 structure_starts 8 -4 0 1429471118066399
01 structure_starts 8 -3 0 1429471118142107
01 structure_starts 8 -2 0 1429471118200774
01 structure_starts 8 -1 0 1429471118285422
01 structure_starts 8 0 0 1429471118345765
01 structure_starts 8 1 0 1429471118400520
01 structure_starts 8 2 0 1429471118445498
01 structure_starts 8 3 0 1429471118513105
01 structure_starts 8 4 0 1429471118581829
01 structure_starts 8 5 0 1429471118642451
01 structure_starts 8 6 0 1429471118721511
01 structure_starts 8 7 0 1429471118782413
01 structure_starts 8 8 0 1429471123645330
01 structure_starts 8 9 0 1429471123715730
01 structure_starts 8 10 0 1429471124051806
01 structure_starts 8 11 0 1429471143138900
01 structure_starts 9 -9 0 1429471143244779
01 structure_starts 9 -8 0 1429471143293948
01 structure_starts 9 -7 0 1429471143344792
01 structure_starts 9 -6 0 1429471143385859
01 structure_starts 9 -5 0 1429471143435586
01 structure_starts 9 -4 0 1429471143476094
01 structure_starts 9 -3 0 1429471143527218
01 structure_starts 9 -2 0 1429471143567726
01 structure_starts 9 -1 0 1429471143617174
01 structure_starts 9 0 0 1429471143656844
01 structure_starts 9 1 0 1429471143708526
01 structure_starts 9 2 0 1429471143747079
01 structure_starts 9 3 0 1429471143798203
01 structure_starts 9 4 0 1429471143836476
01 structure_starts 9 5 0 1429471162333549
01 structure_starts 9 6 0 1429471162443898
01 structure_starts 9 7 0 1429471162498933
01 structure_starts 9 8 0 1429471162539721
01 structure_starts 9 9 0 1429471162583022
01 structure_starts 9 10 0 1429471162709296
01 structure_starts 9 11 0 1429471162888369
02 structure_references -3 -1 0 1429471174190382
02 structure_references -3 0 0 1429471176354627
02 structure_references -3 1 0 1429471176774793
02 structure_references -3 2 0 1429471176944088
02 structure_references -3 3 0 1429471177239937
02 structure_references -2 -1 0 1429471177589423
02 structure_references -2 0 0 1429471177824090
02 structure_references -2 1 0 1429471178051773
02 structure_references -2 2 0 1429471178240345
02 structure_references -2 3 0 1429471178404612
02 structure_references -1 -1 0 1429471178561894
02 structure_references -1 0 0 1429471185293487
02 structure_references -1 1 0 1429471189573367
02 structure_references -1 2 0 1429471193807432
02 structure_references -1 3 0 1429471194083724
02 structure_references 0 -1 0 1429471194334315
02 structure_references 0 0 0 1429471198942730
02 structure_references 0 1 0 1429471203171486
02 structure_references 0 2 0 1429471206982312
02 structure_references 0 3 0 1429471207265589
02 structure_references 1 -1 0 1429471208796791
02 structure_references 1 0 0 1429471213617803
02 structure_references 1 1 0 1429471218580732
02 structure_references 1 2 0 1429471225364566
02 structure_references 1 3 0 1429471225491957
03 biomes -3 0 0 1429471511621798
03 biomes -3 -1 0 1429471512143653
03 biomes -3 2 0 1429471512194497
03 biomes -3 1 0 1429471512509063
03 biomes -3 3 0 1429471520759845
03 biomes -2 -1 0 1429471521921727
03 biomes -2 1 0 1429471522960128
03 biomes -2 0 0 1429471523247316
03 biomes -2 2 0 1429471526725697
03 biomes -2 3 0 1429471529944547
03 biomes -1 0 0 1429471530240116
03 biomes -1 -1 0 1429471531548385
03 biomes -1 1 0 1429471531740309
03 biomes -1 2 0 1429471536562996
03 biomes -1 3 0 1429471543757498
03 biomes 0 -1 0 1429471548796973
03 biomes 0 0 0 1429471551992356
03 biomes 0 1 0 1429471554786291
03 biomes 0 2 0 1429471557248340
03 biomes 0 3 0 1429471562371625
03 biomes 1 -1 0 1429471564113469
03 biomes 1 0 0 1429471566876116
03 biomes 1 1 0 1429471567984917
03 biomes 1 2 0 1429471569977632
01 structure_starts -11 -11 0 1429471570364833
01 structure_starts -11 -10 0 1429471570422941
01 structure_starts -10 -11 0 1429471570505912
01 structure_starts -10 -10 0 1429471570547258
01 structure_starts -9 -11 0 1429471570628274
01 structure_starts -9 -10 0 1429471570668782
01 structure_starts -8 -11 0 1429471570742535
01 structure_starts -8 -10 0 1429471570784160
01 structure_starts -7 -11 0 1429471570854840
03 biomes 1 3 0 1429471579246143
01 structure_starts -7 -10 0 1429471579321293
01 structure_starts -6 -11 0 1429471579421305
01 structure_starts -6 -10 0 1429471579461534
01 structure_starts -5 -11 0 1429471579525229
01 structure_starts -5 -10 0 1429471579561547
01 structure_starts -4 -11 0 1429471579623566
01 structure_starts -4 -10 0 1429471579659046
01 structure_starts -3 -11 0 1429471579719668
01 structure_starts -3 -10 0 1429471579761014
01 structure_starts -2 -11 0 1429471579822195
01 structure_starts -2 -10 0 1429471579934500
01 structure_starts -1 -11 0 1429471580055745
01 structure_starts -1 -10 0 1429471580128100
01 structure_starts 0 -11 0 1429471580214145
01 structure_starts 0 -10 0 1429471580266945
01 structure_starts 1 -11 0 1429471580350475
01 structure_starts 1 -10 0 1429471580411936
01 structure_starts 2 -11 0 1429471580489041
01 structure_starts 2 -10 0 1429471580540165
01 structure_starts 3 -11 0 1429471580620342
01 structure_starts 3 -10 0 1429471580666997
01 structure_starts 4 -11 0 1429471580742425
01 structure_starts 4 -10 0 1429471580788521
01 structure_starts 5 -11 0 1429471580863949
01 structure_starts 5 -10 0 1429471580909206
01 structure_starts 6 -11 0 1429471580980165
01 structure_starts 6 -10 0 1429471581085207
01 structure_starts 7 -11 0 1429471581165385
01 structure_starts 7 -10 0 1429471581218744
01 structure_starts 8 -11 0 1429471581397537
01 structure_starts 8 -10 0 1429471581453690
01 structure_starts 9 -11 0 1429471581507608
01 structure_starts 9 -10 0 1429471588349270
01 structure_starts 10 -11 0 1429471588471074
01 structure_starts 10 -10 0 1429471588507112
01 structure_starts 10 -9 0 1429471588553486
01 structure_starts 10 -8 0 1429471588591480
01 structure_starts 10 -7 0 1429471588638693
01 structure_starts 10 -6 0 1429471588673055
01 structure_starts 10 -5 0 1429471588717195
01 structure_starts 10 -4 0 1429471588753791
01 structure_starts 10 -3 0 1429471588799607
01 structure_starts 10 -2 0 1429471588836763
01 structure_starts 10 -1 0 1429471588881182
01 structure_starts 10 0 0 1429471588917779
01 structure_starts 10 1 0 1429471588961360
01 structure_starts 10 2 0 1429471588999354
01 structure_starts 10 3 0 1429471589081208
01 structure_starts 10 4 0 1429471589115849
01 structure_starts 10 5 0 1429471589161665
01 structure_starts 10 6 0 1429471589197703
01 structure_starts 10 7 0 1429471589247151
01 structure_starts 10 8 0 1429471589290173
01 structure_starts 10 9 0 1429471589337107
01 structure_starts 10 10 0 1429471589384320
01 structure_starts 10 11 0 1429471589430694
01 structure_starts 11 -11 0 1429471589465894
01 structure_starts 11 -10 0 1429471589510034
01 structure_starts 11 -9 0 1429471589547190
01 structure_starts 11 -8 0 1429471589592168
01 structure_starts 11 -7 0 1429471589630999
01 structure_starts 11 -6 0 1429471589677095
01 structure_starts 11 -5 0 1429471589715368
01 structure_starts 11 -4 0 1429471589759228
01 structure_starts 11 -3 0 1429471589796663
01 structure_starts 11 -2 0 1429471589841641
01 structure_starts 11 -1 0 1429471589876562
01 structure_starts 11 0 0 1429471589923216
01 structure_starts 11 1 0 1429471589957298
01 structure_starts 11 2 0 1429471590046416
01 structure_starts 11 3 0 1429471590084130
01 structure_starts 11 4 0 1429471590134695
01 structure_starts 11 5 0 1429471590169337
01 structure_starts 11 6 0 1429471590216829
01 structure_starts 11 7 0 1429471590251470
01 structure_starts 11 8 0 1429471590303712
01 structure_starts 11 9 0 1429471590341147
01 structure_starts 11 10 0 1429471590385286
01 structure_starts 11 11 0 1429471590423001
02 structure_references -3 -3 0 1429471592318217
02 structure_references -3 -2 0 1429471592448680
02 structure_references -2 -3 0 1429471592572998
02 structure_references -2 -2 0 1429471592686700
02 structure_references -1 -3 0 1429471592809621
02 structure_references -1 -2 0 1429471592924719
02 structure_references 0 -3 0 1429471593097088
02 structure_references 0 -2 0 1429471593301025
02 structure_references 1 -3 0 1429471593473114
02 structure_references 1 -2 0 1429471593592682
02 structure_references 2 -3 0 1429471593718118
02 structure_references 2 -2 0 1429471593837127
02 structure_references 2 -1 0 1429471593961445
02 structure_references 2 0 0 1429471594131858
02 structure_references 2 1 0 1429471594257014
02 structure_references 2 2 0 1429471594390550
02 structure_references 2 3 0 1429471594516824
02 structure_references 3 -3 0 1429471594634437
02 structure_references 3 -2 0 1429471594753726
02 structure_references 3 -1 0 1429471594863796
02 structure_references 3 0 0 1429471594974983
02 structure_references 3 1 0 1429471595131149
02 structure_references 3 2 0 1429471595245130
02 structure_references 3 3 0 1429471595362463
03 biomes -3 -2 0 1429471601144213
03 biomes -3 -3 0 1429471601542309
03 biomes -2 -2 0 1429471601882576
03 biomes -2 -3 0 1429471602066119
03 biomes -1 -2 0 1429471606592400
03 biomes -1 -3 0 1429471606821759
03 biomes 0 -2 0 1429471607332439
03 biomes 0 -3 0 1429471607939501
03 biomes 1 -3 0 1429471611372345
03 biomes 2 -3 0 1429471613500831
03 biomes 2 -2 0 1429471615567857
03 biomes 1 -2 0 1429471616077699
03 biomes 2 -1 0 1429471616473001
03 biomes 2 0 0 1429471621692667
03 biomes 2 2 0 1429471622275424
03 biomes 2 1 0 1429471622648377
03 biomes 2 3 0 1429471623548493
03 biomes 3 -1 0 1429471628212501
03 biomes 3 -3 0 1429471629541443
03 biomes 3 0 0 1429471631304240
03 biomes 3 1 0 1429471634138403
03 biomes 3 -2 0 1429471635374596
03 biomes 3 3 0 1429471636570281
03 biomes 3 2 0 1429471637442460
04 noise -2 -1 0 1429471717365036
04 noise -2 0 0 1429471717866218
04 noise -2 1 0 1429471718409025
04 noise -1 -1 0 1429471727256812
04 noise -1 0 0 1429471785953193
04 noise 0 -1 0 1429471790391474
04 noise -1 1 0 1429471794115696
04 noise 0 0 0 1429471796664907
04 noise 0 1 0 1429471804700857
04 noise -1 -2 0 1429471857132745
04 noise -2 -2 0 1429471859133002
04 noise -1 2 0 1429471859863264
04 noise -2 2 0 1429471862253795
04 noise 0 -2 0 1429471884964539
04 noise 1 -2 0 1429471886706383
04 noise 0 2 0 1429471889138819
04 noise 1 -1 0 1429471889933335
04 noise 1 0 0 1429471906536309
04 noise 1 1 0 1429471907310990
04 noise 1 2 0 1429471910553586
04 noise 2 -2 0 1429471915717379
04 noise 2 0 0 1429471920728639
04 noise 2 1 0 1429471925266932
04 noise 2 -1 0 1429471932519542
04 noise 2 2 0 1429471944105390
05 surface -2 -2 0 1429471974329112
05 surface -2 -1 0 1429471987141096
05 surface -2 0 0 1429471994093947
05 surface -1 -2 0 1429472003877049
05 surface -1 -1 0 1429472015431329
05 surface -1 0 0 1429472029173042
05 surface 0 -2 0 1429472046676691
05 surface 0 -1 0 1429472052991750
05 surface 0 0 0 1429472066524218
06 carvers -2 -2 0 1429472123495796
06 carvers -2 -1 0 1429472128516833
06 carvers -2 0 0 1429472130904570
06 carvers -1 -2 0 1429472135109302
06 carvers -1 -1 0 1429472137470499
06 carvers -1 0 0 1429472144974538
06 carvers 0 -2 0 1429472152595630
06 carvers 0 -1 0 1429472154962695
06 carvers 0 0 0 1429472162913159
07 features -1 -1 1 1429472350261851
05 surface -2 1 1 1429472385222775
08 initialize_light -1 -1 1 1429472388206120
05 surface -2 2 1 1429472393491717
05 surface -1 1 1 1429472400598777
05 surface -1 2 1 1429472433063849
05 surface 0 1 1 1429472441769438
05 surface 0 2 1 1429472468286538
05 surface 1 -2 1 1429472475591109
05 surface 1 -1 1 1429472482113737
05 surface 1 0 1 1429472494585453
05 surface 1 1 1 1429472509223650
05 surface 1 2 1 1429472520300495
05 surface 2 -2 1 1429472526234219
05 surface 2 -1 1 1429472532381938
05 surface 2 0 1 1429472538076525
05 surface 2 1 1 1429472544413095
05 surface 2 2 1 1429472550643785
06 carvers -2 1 1 1429472555472898
06 carvers -2 2 1 1429472558534745
06 carvers -1 1 1 1429472560680552
06 carvers -1 2 1 1429472568667334
06 carvers 0 1 1 1429472570473432
06 carvers 0 2 1 1429472577800353
06 carvers 1 -2 1 1429472580212395
06 carvers 1 -1 1 1429472582714393
06 carvers 1 0 1 1429472598737125
06 carvers 1 1 1 1429472657566764
06 carvers 1 2 1 1429472662426048
06 carvers 2 -2 1 1429472663585136
06 carvers 2 -1 1 1429472665629254
06 carvers 2 0 1 1429472667966426
06 carvers 2 1 1 1429472670311421
06 carvers 2 2 1 1429472671628629
07 features -1 0 2 1429472706744042
07 features -1 1 3 1429472737383460
07 features 0 -1 4 1429472768145799
07 features 0 0 5 1429472795934292
07 features 0 1 6 1429472817904996
07 features 1 -1 7 1429472837587976
07 features 1 0 8 1429472860996017
07 features 1 1 9 1429472882922582
08 initialize_light -1 0 9 1429472891133694
08 initialize_light -1 1 9 1429472921138673
08 initialize_light 0 0 9 1429472936707436
08 initialize_light 0 -1 9 1429472962835101
08 initialize_light 0 1 9 1429472973163525
08 initialize_light 1 -1 9 1429472983169282
08 initialize_light 1 0 9 1429472995983221
08 initialize_light 1 1 9 1429473003154256
09 light 0 0 9 1429473046099448
10 spawn 0 0 9 1429473062142015
11 full 0 0 9 1429473082617276
01 structure_starts -12 -12 9 1429475902638855
01 structure_starts -12 -11 9 1429475902797255
01 structure_starts -12 -10 9 1429475903089192
01 structure_starts -12 -9 9 1429475903166577
01 structure_starts -12 -8 9 1429475903228596
01 structure_starts -12 -7 9 1429475903305421
01 structure_starts -12 -6 9 1429475903381688
01 structure_starts -12 -5 9 1429475903443987
01 structure_starts -12 -4 9 1429475903509917
01 structure_starts -12 -3 9 1429475903577523
01 structure_starts -12 -2 9 1429475903642336
01 structure_starts -12 -1 9 1429475903705752
01 structure_starts -12 0 9 1429475903771124
01 structure_starts -12 1 9 1429475903831187
01 structure_starts -12 2 9 1429475903902705
01 structure_starts -12 3 9 1429475903972267
01 structure_starts -12 4 9 1429475904135137
01 structure_starts -12 5 9 1429475904194921
01 structure_starts -12 6 9 1429475908970675
01 structure_starts -12 7 9 1429475909133546
01 structure_starts -12 8 9 1429475909196682
01 structure_starts -12 9 9 1429475909271831
01 structure_starts -12 10 9 1429475909342790
01 structure_starts -11 -12 9 1429475909416822
01 structure_starts -10 -12 9 1429475909506219
01 structure_starts -9 -12 9 1429475909602600
01 structure_starts -8 -12 9 1429475909694512
01 structure_starts -7 -12 9 1429475909786143
01 structure_starts -6 -12 9 1429475909878334
01 structure_starts -5 -12 9 1429475909970245
01 structure_starts -4 -12 9 1429475910118589
01 structure_starts -3 -12 9 1429475910219439
01 structure_starts -2 -12 9 1429475910375884
01 structure_starts -1 -12 9 1429475910460532
01 structure_starts 0 -12 9 1429475910553002
01 structure_starts 1 -12 9 1429475910651059
01 structure_starts 2 -12 9 1429475910745205
01 structure_starts 3 -12 9 1429475910837955
01 structure_starts 4 -12 9 1429475910947466
01 structure_starts 5 -12 9 1429475911098882
01 structure_starts 6 -12 9 1429475935454810
01 structure_starts 7 -12 9 1429475935687521
01 structure_starts 8 -12 9 1429475935766861
01 structure_starts 9 -12 9 1429475935878608
01 structure_starts 10 -12 9 1429475938079449
02 structure_references -4 -4 9 1429475939254461
02 structure_references -4 -3 9 1429475939749776
02 structure_references -4 -2 9 1429475940158209
02 structure_references -4 -1 9 1429475940439809
02 structure_references -4 0 9 1429475940723086
02 structure_references -4 1 9 1429475941130680
02 structure_references -4 2 9 1429475941448598
02 structure_references -3 -4 9 1429475941814846
02 structure_references -2 -4 9 1429475942155393
02 structure_references -1 -4 9 1429475942464930
02 structure_references 0 -4 9 1429475942742899
02 structure_references 1 -4 9 1429475943059699
02 structure_references 2 -4 9 1429475943341859
03 biomes -4 -2 9 1429475947520609
03 biomes -4 -1 9 1429475947765053
03 biomes -4 -3 9 1429475950628550
03 biomes -4 -4 9 1429475950700627
03 biomes -4 0 9 1429475952406433
03 biomes -4 1 9 1429475952909291
03 biomes -3 -4 9 1429475954077039
03 biomes -4 2 9 1429475954657281
03 biomes -2 -4 9 1429475956522046
03 biomes -1 -4 9 1429475956875164
01 structure_starts -12 11 9 1429475957243089
02 structure_references -4 3 9 1429475957464905
03 biomes 0 -4 9 1429475957709909
01 structure_starts -13 -12 9 1429475958240703
01 structure_starts -13 -11 9 1429475958706406
01 structure_starts -13 -10 9 1429475958740768
01 structure_starts -13 -9 9 1429475958779320
01 structure_starts -13 -8 9 1429475958810330
01 structure_starts -13 -7 9 1429475958843574
01 structure_starts -13 -6 9 1429475958874304
01 structure_starts -13 -5 9 1429475958915650
01 structure_starts -13 -4 9 1429475958946381
01 structure_starts -13 -3 9 1429475958988006
01 structure_starts -13 -2 9 1429475959066508
01 structure_starts -13 -1 9 1429475959106736
01 structure_starts -13 0 9 1429475959161492
01 structure_starts -13 1 9 1429475959205353
03 biomes 1 -4 9 1429475959221276
01 structure_starts -13 2 9 1429475959237759
01 structure_starts -13 3 9 1429475959271842
01 structure_starts -13 4 9 1429475959315981
01 structure_starts -13 5 9 1429475959348388
01 structure_starts -13 6 9 1429475959379397
01 structure_starts -13 7 9 1429475959467677
01 structure_starts -13 8 9 1429475959500642
01 structure_starts -13 9 9 1429475959532769
01 structure_starts -13 10 9 1429475959959919
02 structure_references -5 -4 9 1429475960193469
02 structure_references -5 -3 9 1429475960318066
02 structure_references -5 -2 9 1429475960435958
02 structure_references -5 -1 9 1429475960550777
02 structure_references -5 0 9 1429475960953063
02 structure_references -5 1 9 1429475961116772
02 structure_references -5 2 9 1429475961239693
03 biomes -4 3 9 1429475961273775
03 biomes 2 -4 9 1429475961478271
03 biomes -5 -4 9 1429475964554924
03 biomes -5 -3 9 1429475964989337
03 biomes -5 -2 9 1429475966260730
03 biomes -5 -1 9 1429475966636476
03 biomes -5 0 9 1429475967788859
03 biomes -5 1 9 1429475968687578
03 biomes -5 2 9 1429475970181067
04 noise -3 -3 9 1429476043122018
04 noise -3 -1 9 1429476044762173
04 noise -3 0 9 1429476046767459
04 noise -3 -2 9 1429476051764471
04 noise -2 -3 9 1429476124759619
04 noise -1 -3 9 1429476126177399
01 structure_starts -13 11 9 1429476126352841
02 structure_references -5 3 9 1429476126631368
04 noise -3 1 9 1429476127648259
01 structure_starts -11 -13 9 1429476127725364
01 structure_starts -10 -13 9 1429476127758050
01 structure_starts -9 -13 9 1429476127789059
01 structure_starts -8 -13 9 1429476127822862
01 structure_starts -7 -13 9 1429476127852754
01 structure_starts -6 -13 9 1429476127892983
01 structure_starts -5 -13 9 1429476127924272
04 noise 0 -3 9 1429476127925669
01 structure_starts -4 -13 9 1429476127965898
01 structure_starts -3 -13 9 1429476128050825
01 structure_starts -2 -13 9 1429476128103625
01 structure_starts -1 -13 9 1429476128135752
01 structure_starts 0 -13 9 1429476128176260
01 structure_starts 1 -13 9 1429476128207269
01 structure_starts 2 -13 9 1429476128255320
01 structure_starts 3 -13 9 1429476128293314
01 structure_starts 4 -13 9 1429476128334101
01 structure_starts 5 -13 9 1429476128365670
01 structure_starts 6 -13 9 1429476128406736
01 structure_starts 7 -13 9 1429476128437746
01 structure_starts 8 -13 9 1429476128478254
01 structure_starts 9 -13 9 1429476128509543
01 structure_starts 10 -13 9 1429476128554521
01 structure_starts 11 -13 9 1429476128600616
01 structure_starts 11 -12 9 1429476128636375
02 structure_references -3 -5 9 1429476129131690
02 structure_references -2 -5 9 1429476129225836
02 structure_references -1 -5 9 1429476129322217
02 structure_references 0 -5 9 1429476129409379
02 structure_references 1 -5 9 1429476129499894
02 structure_references 2 -5 9 1429476129589850
02 structure_references 3 -5 9 1429476129678688
02 structure_references 3 -4 9 1429476129763056
03 biomes -5 3 9 1429476130649483
03 biomes -2 -5 9 1429476133645120
03 biomes -3 -5 9 1429476134169769
03 biomes -1 -5 9 1429476135713822
03 biomes 1 -5 9 1429476138098766
03 biomes 0 -5 9 1429476138817573
04 noise 1 -3 9 1429476139373511
03 biomes 2 -5 9 1429476140713348
03 biomes 3 -5 9 1429476142376970
03 biomes 3 -4 9 1429476142889047
05 surface -3 -3 9 1429476166214675
05 surface -3 -2 9 1429476176520470
05 surface -3 -1 9 1429476193920195
05 surface -3 0 9 1429476207365501
05 surface -3 1 9 1429476215640030
05 surface -2 -3 9 1429476220129434
05 surface -1 -3 9 1429476226219883
05 surface 0 -3 9 1429476231859994
05 surface 1 -3 9 1429476236965679
06 carvers -3 -3 9 1429476244818366
06 carvers -3 -2 9 1429476259701007
06 carvers -3 -1 9 1429476264372558
06 carvers -3 0 9 1429476267457313
06 carvers -3 1 9 1429476271411173
06 carvers -2 -3 9 1429476280545869
06 carvers -1 -3 9 1429476284299704
06 carvers 0 -3 9 1429476287754617
06 carvers 1 -3 9 1429476290516984
07 features -2 -2 10 1429476321548631
07 features -2 -1 11 1429476335408236
07 features -2 0 12 1429476347101920
07 features -1 -2 13 1429476359503795
07 features 0 -2 14 1429476369703432
08 initialize_light -2 -2 14 1429476371757048
08 initialize_light -2 -1 14 1429476372253760
08 initialize_light -2 0 14 1429476373782448
08 initialize_light -1 -2 14 1429476374569980
01 structure_starts -13 -13 14 1429476374879517
01 structure_starts -12 -13 14 1429476374933993
08 initialize_light 0 -2 14 1429476375135695
02 structure_references -5 -5 14 1429476375201067
02 structure_references -4 -5 14 1429476375334603
03 biomes -5 -5 14 1429476379913964
03 biomes -4 -5 14 1429476381176975
04 noise 2 -3 14 1429476392905300
04 noise -4 -2 14 1429476393894813
04 noise -4 -3 14 1429476394835158
04 noise -3 2 14 1429476394904161
04 noise -4 -1 14 1429476403069458
04 noise -4 0 14 1429476403413357
04 noise -4 2 14 1429476404580825
04 noise -4 1 14 1429476405365284
04 noise -1 -4 14 1429476413665235
09 light -1 -1 14 1429476415655435
04 noise 0 -4 14 1429476415756844
04 noise -2 -4 14 1429476416332896
04 noise 1 -4 14 1429476423162826
04 noise 2 -4 14 1429476424947133
04 noise -3 -4 14 1429476427944726
05 surface 2 -3 14 1429476430773302
06 carvers 2 -3 14 1429476432167895
04 noise -4 -4 15 1429476435507990
07 features 1 -2 15 1429476454263476
10 spawn -1 -1 15 1429476455176722
08 initialize_light 1 -2 15 1429476455715618
11 full -1 -1 15 1429476460367613
05 surface -3 2 15 1429476467237492
06 carvers -3 2 15 1429476469587515
07 features -2 1 16 1429476486381296
08 initialize_light -2 1 16 1429476487131672
05 surface -4 -2 16 1429476492179249
05 surface -4 -1 16 1429476496583447
05 surface -4 0 16 1429476501549449
05 surface -4 1 16 1429476505632377
05 surface -4 2 16 1429476510266493
06 carvers -4 -2 16 1429476518763955
06 carvers -4 -1 16 1429476520150167
06 carvers -4 0 16 1429476521291096
06 carvers -4 1 16 1429476522175568
06 carvers -4 2 16 1429476522883759
07 features -3 -1 17 1429476532210099
07 features -3 0 18 1429476547916031
07 features -3 1 19 1429476558730551
05 surface -4 -3 19 1429476565054829
06 carvers -4 -3 19 1429476566703086
08 initialize_light -3 -1 19 1429476566943619
08 initialize_light -3 0 19 1429476567055924
08 initialize_light -3 1 19 1429476567096432
09 light -1 0 20 1429476567164597
07 features -3 -2 20 1429476582595354
10 spawn -1 0 20 1429476582957412
08 initialize_light -3 -2 20 1429476583327013
11 full -1 0 20 1429476587419718
05 surface -3 -4 20 1429476593235271
05 surface -2 -4 20 1429476600965595
05 surface -1 -4 20 1429476608627196
05 surface 0 -4 20 1429476615597925
05 surface 1 -4 20 1429476622077810
06 carvers -3 -4 20 1429476624321115
06 carvers -2 -4 20 1429476625657041
06 carvers -1 -4 20 1429476627103596
06 carvers 0 -4 20 1429476628091153
06 carvers 1 -4 20 1429476628683129
07 features -2 -3 21 1429476637653278
07 features -1 -3 22 1429476681353035
07 features 0 -3 23 1429476693945438
08 initialize_light -2 -3 23 1429476694953948
08 initialize_light -1 -3 23 1429476695137770
08 initialize_light 0 -3 23 1429476695179396
05 surface 2 -4 23 1429476700373360
06 carvers 2 -4 23 1429476701342759
07 features 1 -3 24 1429476707740510
08 initialize_light 1 -3 24 1429476708245882
05 surface -4 -4 24 1429476715148446
06 carvers -4 -4 24 1429476716051914
07 features -3 -3 25 1429476726459399
01 structure_starts -13 12 25 1429476729051073
01 structure_starts -12 12 25 1429476729128178
01 structure_starts -11 12 25 1429476729158908
01 structure_starts -10 12 25 1429476729188521
01 structure_starts -9 12 25 1429476729218693
01 structure_starts -8 12 25 1429476729247747
01 structure_starts -7 12 25 1429476729284064
01 structure_starts -6 12 25 1429476729317029
01 structure_starts -5 12 25 1429476729347759
01 structure_starts -4 12 25 1429476729378490
01 structure_starts -3 12 25 1429476729409779
01 structure_starts -2 12 25 1429476729440229
01 structure_starts -1 12 25 1429476729472636
01 structure_starts 0 12 25 1429476729574884
01 structure_starts 1 12 25 1429476729663163
01 structure_starts 2 12 25 1429476729698643
01 structure_starts 3 12 25 1429476729734960
01 structure_starts 4 12 25 1429476729772395
01 structure_starts 5 12 25 1429476729802846
01 structure_starts 6 12 25 1429476729834973
01 structure_starts 7 12 25 1429476729864865
01 structure_starts 8 12 25 1429476729905932
01 structure_starts 9 12 25 1429476729938897
02 structure_references -5 4 25 1429476730138085
02 structure_references -4 4 25 1429476730228320
02 structure_references -3 4 25 1429476730314364
02 structure_references -2 4 25 1429476730388676
02 structure_references -1 4 25 1429476730463545
02 structure_references 0 4 25 1429476730540092
02 structure_references 1 4 25 1429476730622225
08 initialize_light -3 -3 25 1429476733218369
09 light 0 -1 25 1429476733269773
03 biomes -3 4 25 1429476734255933
03 biomes -4 4 25 1429476734478587
03 biomes -5 4 25 1429476734793712
03 biomes -2 4 25 1429476737349627
03 biomes -1 4 25 1429476738610683
01 structure_starts 10 12 25 1429476738793668
02 structure_references 2 4 25 1429476738914074
03 biomes 0 4 25 1429476739089516
01 structure_starts -13 13 25 1429476739333961
01 structure_starts -12 13 25 1429476739507167
01 structure_starts -11 13 25 1429476739565555
03 biomes 1 4 25 1429476740442763
03 biomes 2 4 25 1429476742340493
09 light -2 0 25 1429476755607563
09 light -2 -1 25 1429476755683551
09 light -1 -2 25 1429476755710370
09 light 0 -2 25 1429476755735513
01 structure_starts -10 13 25 1429476772715352
01 structure_starts -9 13 25 1429476772800279
01 structure_starts -8 13 25 1429476772833523
01 structure_starts -7 13 25 1429476772873193
01 structure_starts -6 13 25 1429476772907835
01 structure_starts -5 13 25 1429476772954768
01 structure_starts -4 13 25 1429476772989968
01 structure_starts -3 13 25 1429476773072660
01 structure_starts -2 13 25 1429476773111213
01 structure_starts -1 13 25 1429476773148089
01 structure_starts 0 13 25 1429476773185524
01 structure_starts 1 13 25 1429476773223518
01 structure_starts 2 13 25 1429476773257880
01 structure_starts 3 13 25 1429476773315429
01 structure_starts 4 13 25 1429476773351467
01 structure_starts 5 13 25 1429476773387226
01 structure_starts 6 13 25 1429476773421588
01 structure_starts 7 13 25 1429476773466007
01 structure_starts 8 13 25 1429476773511543
01 structure_starts 9 13 25 1429476773555683
02 structure_references -5 5 25 1429476773819684
02 structure_references -4 5 25 1429476773901817
02 structure_references -3 5 25 1429476773976967
02 structure_references -2 5 25 1429476774096814
02 structure_references -1 5 25 1429476774176992
02 structure_references 0 5 25 1429476774252980
02 structure_references 1 5 25 1429476774337907
03 biomes -5 5 25 1429476778259361
03 biomes -3 5 25 1429476778567222
03 biomes -2 5 25 1429476779484659
03 biomes -4 5 25 1429476780205980
03 biomes 0 5 25 1429476781774059
03 biomes -1 5 25 1429476782126898
03 biomes 1 5 25 1429476783249668
04 noise -2 3 25 1429476790676043
04 noise -1 3 25 1429476792057785
01 structure_starts 11 12 25 1429476792356706
02 structure_references 3 4 25 1429476792534383
04 noise 0 3 25 1429476793590664
01 structure_starts 10 13 25 1429476793704366
01 structure_starts 11 13 25 1429476793749064
02 structure_references 2 5 25 1429476793846842
02 structure_references 3 5 25 1429476793924226
04 noise -3 3 25 1429476795239200
03 biomes 2 5 25 1429476797297007
03 biomes 3 4 25 1429476798066100
10 spawn 0 -1 25 1429476798290431
04 noise 1 3 25 1429476799824706
03 biomes 3 5 25 1429476801291375
09 light -2 -2 25 1429476802903315
11 full 0 -1 25 1429476804831775
04 noise -4 3 25 1429476808148683
05 surface -3 3 25 1429476810333880
05 surface -2 3 25 1429476814853735
05 surface -1 3 25 1429476819697934
05 surface 0 3 25 1429476823859922
05 surface 1 3 25 1429476828447384
06 carvers -3 3 25 1429476829649774
06 carvers -2 3 25 1429476830720861
06 carvers -1 3 25 1429476831804241
06 carvers 0 3 25 1429476832608255
06 carvers 1 3 25 1429476833442720
07 features -2 2 26 1429476843544578
07 features -1 2 27 1429476851986168
07 features 0 2 28 1429476860944583
10 spawn -2 0 28 1429476861490463
10 spawn -2 -1 28 1429476861582095
10 spawn -1 -2 28 1429476861684902
10 spawn 0 -2 28 1429476861800280
11 full -2 0 28 1429476861882972
08 initialize_light -2 2 28 1429476862133563
08 initialize_light -1 2 28 1429476862217652
08 initialize_light 0 2 28 1429476862247823
11 full -2 -1 28 1429476862283862
11 full -1 -2 28 1429476862520764
11 full 0 -2 28 1429476862759621
04 noise -4 4 28 1429476871939853
04 noise -1 4 28 1429476872427066
04 noise -2 4 28 1429476872611168
04 noise -3 4 28 1429476874430676
04 noise 0 4 28 1429476883967937
04 noise 2 3 28 1429476884127455
10 spawn -2 -2 28 1429476884202883
11 full -2 -2 28 1429476884847659
04 noise 2 4 28 1429476885285425
04 noise 1 4 28 1429476885666200
09 light -1 1 28 1429476887647740
05 surface -4 3 28 1429476888201722
06 carvers -4 3 28 1429476889766449
07 features -3 2 29 1429476900862849
10 spawn -1 1 29 1429476901227979
08 initialize_light -3 2 29 1429476903152529
11 full -1 1 29 1429476905830248
05 surface -4 4 29 1429476910516605
05 surface -3 4 29 1429476914474377
05 surface -2 4 29 1429476919500443
05 surface -1 4 29 1429476923213211
05 surface 0 4 29 1429476926866754
06 carvers -4 4 29 1429476928885170
06 carvers -3 4 29 1429476929431330
06 carvers -2 4 29 1429476930082810
06 carvers -1 4 29 1429476930835700
06 carvers 0 4 29 1429476932096198
07 features -3 3 30 1429476946440502
07 features -2 3 31 1429476957318438
07 features -1 3 32 1429476963738259
08 initialize_light -3 3 32 1429476964445612
08 initialize_light -2 3 32 1429476964510425
08 initialize_light -1 3 32 1429476964911594
05 surface 2 3 32 1429476972056927
06 carvers 2 3 32 1429476973404866
07 features 1 2 33 1429476983386597
08 initialize_light 1 2 33 1429476983965722
05 surface 1 4 33 1429476987183175
05 surface 2 4 33 1429476990271282
06 carvers 1 4 33 1429476991543233
06 carvers 2 4 33 1429476992487210
07 features 0 3 34 1429477005134647
07 features 1 3 35 1429477020048298
08 initialize_light 0 3 35 1429477021149278
08 initialize_light 1 3 35 1429477021202916
01 structure_starts 12 -12 35 1429477021716390
01 structure_starts 12 -11 35 1429477021761368
01 structure_starts 12 -10 35 1429477021813330
01 structure_starts 12 -9 35 1429477021853559
01 structure_starts 12 -8 35 1429477021905521
01 structure_starts 12 -7 35 1429477021961673
01 structure_starts 12 -6 35 1429477022062524
01 structure_starts 12 -5 35 1429477022107502
01 structure_starts 12 -4 35 1429477022147731
01 structure_starts 12 -3 35 1429477022185445
01 structure_starts 12 -2 35 1429477022234893
01 structure_starts 12 -1 35 1429477022273166
09 light 0 1 35 1429477025866645
09 light -2 1 35 1429477032705514
01 structure_starts 12 0 35 1429477033905668
01 structure_starts 12 1 35 1429477033950087
01 structure_starts 12 2 35 1429477034150672
01 structure_starts 12 3 35 1429477034195650
01 structure_starts 12 4 35 1429477034238951
01 structure_starts 12 5 35 1429477034283929
01 structure_starts 12 6 35 1429477034315777
01 structure_starts 12 7 35 1429477034349301
01 structure_starts 12 8 35 1429477034379752
01 structure_starts 12 9 35 1429477034418863
01 structure_starts 12 10 35 1429477034450711
02 structure_references 4 -4 35 1429477034646266
02 structure_references 4 -3 35 1429477034835676
02 structure_references 4 -2 35 1429477034942394
02 structure_references 4 -1 35 1429477035088502
02 structure_references 4 0 35 1429477035208909
02 structure_references 4 1 35 1429477035328477
02 structure_references 4 2 35 1429477035436592
03 biomes 4 -1 35 1429477040505121
03 biomes 4 -4 35 1429477040697325
03 biomes 4 -2 35 1429477042237746
03 biomes 4 -3 35 1429477042451740
10 spawn 0 1 35 1429477042630814
03 biomes 4 0 35 1429477044459541
03 biomes 4 2 35 1429477045862235
03 biomes 4 1 35 1429477046332687
11 full 0 1 35 1429477047070770
01 structure_starts 12 -13 35 1429477047104574
02 structure_references 4 -5 35 1429477047268841
01 structure_starts 12 11 35 1429477047578378
01 structure_starts 12 12 35 1429477047613298
02 structure_references 4 3 35 1429477047726162
02 structure_references 4 4 35 1429477047791254
01 structure_starts 12 13 35 1429477048084309
02 structure_references 4 5 35 1429477048169795
03 biomes 4 -5 35 1429477050570662
03 biomes 4 5 35 1429477052058284
03 biomes 4 4 35 1429477052295186
03 biomes 4 3 35 1429477052343795
09 light -2 2 35 1429477059252226
09 light 0 2 35 1429477059293014
04 noise 3 -3 35 1429477062487838
04 noise 3 -2 35 1429477062782569
10 spawn -2 1 35 1429477062872245
04 noise 3 -1 35 1429477062990417
11 full -2 1 35 1429477063408348
04 noise 3 0 35 1429477069157132
04 noise 3 1 35 1429477073462156
04 noise 3 -4 35 1429477074059439
04 noise 3 2 35 1429477074977155
05 surface 3 -3 35 1429477077224930
04 noise 3 3 35 1429477080175031
05 surface 3 -2 35 1429477081517662
04 noise 3 4 35 1429477083890593
05 surface 3 -1 35 1429477086579765
05 surface 3 0 35 1429477091561692
05 surface 3 1 35 1429477097332546
06 carvers 3 -3 35 1429477098365640
06 carvers 3 -2 35 1429477098800333
06 carvers 3 -1 35 1429477099393705
06 carvers 3 0 35 1429477100323992
06 carvers 3 1 35 1429477101449836
07 features 2 -2 36 1429477111460342
07 features 2 -1 37 1429477120296395
07 features 2 0 38 1429477139481266
08 initialize_light 2 -2 38 1429477140417700
08 initialize_light 2 -1 38 1429477141133155
08 initialize_light 2 0 38 1429477141174780
05 surface 3 2 38 1429477146459818
05 surface 3 3 38 1429477150143532
06 carvers 3 2 38 1429477151376093
06 carvers 3 3 38 1429477152146304
07 features 2 1 39 1429477164573322
07 features 2 2 40 1429477178884102
10 spawn -2 2 40 1429477179577488
10 spawn 0 2 40 1429477179689513
11 full -2 2 40 1429477179958822
01 structure_starts 13 -13 40 1429477180092638
01 structure_starts 13 -12 40 1429477180126162
11 full 0 2 40 1429477180479000
08 initialize_light 2 1 40 1429477182770077
08 initialize_light 2 2 40 1429477182807792
09 light 1 -1 40 1429477182851373
01 structure_starts 13 -11 40 1429477183410104
01 structure_starts 13 -10 40 1429477192364329
01 structure_starts 13 -9 40 1429477192408189
01 structure_starts 13 -8 40 1429477192434729
01 structure_starts 13 -7 40 1429477192460989
01 structure_starts 13 -6 40 1429477192486411
01 structure_starts 13 -5 40 1429477192520215
01 structure_starts 13 -4 40 1429477192544799
01 structure_starts 13 -3 40 1429477192571059
01 structure_starts 13 -2 40 1429477192595923
01 structure_starts 13 -1 40 1429477192639783
01 structure_starts 13 0 40 1429477192664926
01 structure_starts 13 1 40 1429477192690628
01 structure_starts 13 2 40 1429477192716329
01 structure_starts 13 3 40 1429477192741752
01 structure_starts 13 4 40 1429477192767453
01 structure_starts 13 5 40 1429477192792037
01 structure_starts 13 6 40 1429477192818298
01 structure_starts 13 7 40 1429477192843161
01 structure_starts 13 8 40 1429477192869142
01 structure_starts 13 9 40 1429477192894844
02 structure_references 5 -5 40 1429477193125320
02 structure_references 5 -4 40 1429477193187060
02 structure_references 5 -3 40 1429477193242375
02 structure_references 5 -2 40 1429477193422845
02 structure_references 5 -1 40 1429477193494362
02 structure_references 5 0 40 1429477193567556
02 structure_references 5 1 40 1429477193624547
03 biomes 5 -3 40 1429477203660755
03 biomes 5 -5 40 1429477203749313
03 biomes 5 -4 40 1429477203835358
03 biomes 5 -2 40 1429477203916374
10 spawn 1 -1 40 1429477204060806
03 biomes 5 -1 40 1429477207098906
03 biomes 5 0 40 1429477207114830
03 biomes 5 1 40 1429477207801790
01 structure_starts 13 10 40 1429477208127810
02 structure_references 5 2 40 1429477208233410
11 full 1 -1 40 1429477208444890
01 structure_starts 13 11 40 1429477208453829
02 structure_references 5 3 40 1429477208545461
03 biomes 5 2 40 1429477211625187
05 surface 3 -4 40 1429477213478219
03 biomes 5 3 40 1429477213644721
06 carvers 3 -4 40 1429477214855491
07 features 2 -3 41 1429477222469320
08 initialize_light 2 -3 41 1429477222796457
05 surface 3 4 41 1429477226749759
06 carvers 3 4 41 1429477227637024
07 features 2 3 42 1429477239715394
08 initialize_light 2 3 42 1429477240261833
04 noise 4 -2 42 1429477252689690
04 noise 4 -1 42 1429477253044205
04 noise 4 -4 42 1429477254459750
04 noise 4 -3 42 1429477254474277
09 light 1 1 42 1429477258151287
04 noise 4 0 42 1429477263260883
04 noise 4 1 42 1429477264164630
04 noise 4 2 42 1429477268417971
05 surface 4 -4 42 1429477269545770
09 light 1 -2 42 1429477273889904
09 light 1 2 42 1429477273948012
05 surface 4 -3 42 1429477274779125
05 surface 4 -2 42 1429477278593861
05 surface 4 -1 42 1429477282462236
05 surface 4 0 42 1429477285648121
06 carvers 4 -4 42 1429477286711107
06 carvers 4 -3 42 1429477287059476
06 carvers 4 -2 42 1429477287538588
06 carvers 4 -1 42 1429477288049827
06 carvers 4 0 42 1429477288806908
07 features 3 -3 43 1429477296614896
07 features 3 -2 44 1429477305924474
07 features 3 -1 45 1429477314777568
01 structure_starts 13 12 45 1429477315345239
02 structure_references 5 4 45 1429477315500008
08 initialize_light 3 -3 45 1429477315822675
08 initialize_light 3 -2 45 1429477315873519
08 initialize_light 3 -1 45 1429477315899780
05 surface 4 1 45 1429477320176587
03 biomes 5 4 45 1429477321386240
06 carvers 4 1 45 1429477321463345
07 features 3 0 46 1429477325204888
08 initialize_light 3 0 46 1429477325647962
05 surface 4 2 46 1429477331058434
06 carvers 4 2 46 1429477331918880
07 features 3 1 47 1429477335616842
10 spawn 1 1 47 1429477335817147
08 initialize_light 3 1 47 1429477336252958
10 spawn 1 -2 47 1429477339446106
10 spawn 1 2 47 1429477339619033
11 full 1 1 47 1429477339731059
01 structure_starts -14 -13 47 1429477342430010
01 structure_starts -14 -12 47 1429477342466327
01 structure_starts -14 -11 47 1429477342492867
01 structure_starts -14 -10 47 1429477342519127
01 structure_starts -14 -9 47 1429477342544549
01 structure_starts -14 -8 47 1429477342572207
01 structure_starts -14 -7 47 1429477342603216
01 structure_starts -14 -6 47 1429477342634505
01 structure_starts -14 -5 47 1429477342663838
01 structure_starts -14 -4 47 1429477342690658
01 structure_starts -14 -3 47 1429477342721667
01 structure_starts -14 -2 47 1429477342751280
01 structure_starts -14 -1 47 1429477342781172
01 structure_starts -14 0 47 1429477342811064
01 structure_starts -14 1 47 1429477342837324
01 structure_starts -14 2 47 1429477349290390
01 structure_starts -14 3 47 1429477349325869
01 structure_starts -14 4 47 1429477349354085
01 structure_starts -14 5 47 1429477349384815
01 structure_starts -14 6 47 1429477349425044
01 structure_starts -14 7 47 1429477349455495
01 structure_starts -14 8 47 1429477349485666
01 structure_starts -14 9 47 1429477349517234
11 full 1 -2 47 1429477349611939
02 structure_references -6 -5 47 1429477349741844
02 structure_references -6 -4 47 1429477349803305
02 structure_references -6 -3 47 1429477349875940
02 structure_references -6 -2 47 1429477349945222
09 light 2 -2 47 1429477349997464
02 structure_references -6 -1 47 1429477350059204
09 light 2 -1 47 1429477350087978
09 light 2 0 47 1429477350123737
02 structure_references -6 0 47 1429477350134632
09 light -1 2 47 1429477350152232
09 light 1 0 47 1429477350199724
11 full 1 2 47 1429477350199724
02 structure_references -6 1 47 1429477350208664
03 biomes -6 -5 47 1429477354408367
04 noise 4 3 47 1429477354502792
03 biomes -6 -4 47 1429477354527935
03 biomes -6 -2 47 1429477357937871
03 biomes -6 -3 47 1429477358231205
10 spawn 1 0 47 1429477358353288
03 biomes -6 -1 47 1429477359900414
03 biomes -6 1 47 1429477361427426
10 spawn 2 -2 47 1429477361743668
10 spawn 2 -1 47 1429477361826919
03 biomes -6 0 47 1429477361841446
10 spawn 2 0 47 1429477361895643
11 full 1 0 47 1429477361928608
10 spawn -1 2 47 1429477362139529
05 surface 4 3 47 1429477368101190
06 carvers 4 3 47 1429477369626247
11 full 2 -2 48 1429477369921816
11 full 2 -1 48 1429477370115695
11 full 2 0 48 1429477370340305
11 full -1 2 48 1429477370666045
07 features 3 2 48 1429477373968146
01 structure_starts -14 10 48 1429477376064226
02 structure_references -6 2 48 1429477376223185
01 structure_starts -14 11 48 1429477376362030
02 structure_references -6 3 48 1429477376456176
01 structure_starts -14 -14 48 1429477376560379
01 structure_starts -13 -14 48 1429477376594741
01 structure_starts -12 -14 48 1429477376623237
01 structure_starts -11 -14 48 1429477376650335
01 structure_starts -10 -14 48 1429477376676595
01 structure_starts -9 -14 48 1429477376703415
01 structure_starts -8 -14 48 1429477376729954
01 structure_starts -7 -14 48 1429477376756215
01 structure_starts -6 -14 48 1429477376782475
01 structure_starts -5 -14 48 1429477376808456
01 structure_starts -4 -14 48 1429477376834996
01 structure_starts -3 -14 48 1429477376861256
01 structure_starts -2 -14 48 1429477376887516
01 structure_starts -1 -14 48 1429477376914894
01 structure_starts 0 -14 48 1429477376942551
01 structure_starts 1 -14 48 1429477377061561
01 structure_starts 2 -14 48 1429477377100393
01 structure_starts 3 -14 48 1429477377133917
01 structure_starts 4 -14 48 1429477377167441
08 initialize_light 3 2 48 1429477377962236
01 structure_starts 5 -14 48 1429477380331535
01 structure_starts 6 -14 48 1429477380375395
01 structure_starts 7 -14 48 1429477380410316
01 structure_starts 8 -14 48 1429477380442443
02 structure_references -6 -6 48 1429477380558939
02 structure_references -5 -6 48 1429477380633250
02 structure_references -4 -6 48 1429477380713148
02 structure_references -3 -6 48 1429477380790812
02 structure_references -2 -6 48 1429477380860374
02 structure_references -1 -6 48 1429477380929098
02 structure_references 0 -6 48 1429477381052578
03 biomes -6 3 48 1429477381381112
03 biomes -6 2 48 1429477382103551
03 biomes -6 -6 48 1429477385838389
03 biomes -4 -6 48 1429477386209386
03 biomes -5 -6 48 1429477386241793
03 biomes -3 -6 48 1429477387326290
01 structure_starts 13 13 48 1429477387529109
02 structure_references 5 5 48 1429477387673821
03 biomes -2 -6 48 1429477390404898
01 structure_starts 9 -14 48 1429477390545419
02 structure_references 1 -6 48 1429477390647947
03 biomes 0 -6 48 1429477392147022
01 structure_starts 10 -14 48 1429477392257372
02 structure_references 2 -6 48 1429477392354032
03 biomes -1 -6 48 1429477392512153
01 structure_starts 11 -14 48 1429477392695975
02 structure_references 3 -6 48 1429477392798782
03 biomes 5 5 48 1429477393173132
03 biomes 1 -6 48 1429477395447167
01 structure_starts 12 -14 48 1429477395606965
02 structure_references 4 -6 48 1429477395703066
03 biomes 3 -6 48 1429477396390864
03 biomes 2 -6 48 1429477396735322
01 structure_starts -14 12 48 1429477396811030
02 structure_references -6 4 48 1429477397065812
09 light 2 1 48 1429477398538068
10 spawn 2 1 48 1429477398636405
01 structure_starts -14 13 48 1429477398702335
02 structure_references -6 5 48 1429477398847046
03 biomes 4 -6 48 1429477399163847
01 structure_starts -14 14 48 1429477399222234
01 structure_starts -13 14 48 1429477399252406
01 structure_starts -12 14 48 1429477399292634
01 structure_starts -11 14 48 1429477399326717
01 structure_starts -10 14 48 1429477399360800
01 structure_starts -9 14 48 1429477399392647
01 structure_starts -8 14 48 1429477399420584
01 structure_starts -7 14 48 1429477399447962
01 structure_starts -6 14 48 1429477399475060
01 structure_starts -5 14 48 1429477399501879
01 structure_starts -4 14 48 1429477399528698
01 structure_starts -3 14 48 1429477399555797
01 structure_starts -2 14 48 1429477399583175
01 structure_starts -1 14 48 1429477399611949
01 structure_starts 0 14 48 1429477399639606
11 full 2 1 48 1429477399642679
01 structure_starts 1 14 48 1429477399667543
01 structure_starts 2 14 48 1429477399695759
01 structure_starts 3 14 48 1429477399723695
01 structure_starts 4 14 48 1429477399750794
01 structure_starts 5 14 48 1429477399778172
01 structure_starts 6 14 48 1429477399805270
01 structure_starts 7 14 48 1429477399832927
01 structure_starts 8 14 48 1429477399861143
02 structure_references -6 6 48 1429477399929029
02 structure_references -5 6 48 1429477399988255
02 structure_references -4 6 48 1429477400109220
02 structure_references -3 6 48 1429477400167328
02 structure_references -2 6 48 1429477400220966
02 structure_references -1 6 48 1429477400274884
03 biomes -6 4 48 1429477400289131
02 structure_references 0 6 48 1429477400354503
03 biomes -6 6 48 1429477403568045
03 biomes -5 6 48 1429477403732312
03 biomes -6 5 48 1429477404535488
03 biomes -4 6 48 1429477407135823
03 biomes -3 6 48 1429477408154669
04 noise 4 4 48 1429477408202720
03 biomes -2 6 48 1429477408326479
03 biomes -1 6 48 1429477411428833
03 biomes 0 6 48 1429477412466117
05 surface 4 4 48 1429477412944671
06 carvers 4 4 48 1429477413849536
07 features 3 3 49 1429477417780768
01 structure_starts 9 14 49 1429477418128299
01 structure_starts 10 14 49 1429477418164895
02 structure_references 1 6 49 1429477418275804
02 structure_references 2 6 49 1429477418346762
08 initialize_light 3 3 49 1429477418462979
01 structure_starts 11 14 49 1429477418643449
01 structure_starts 12 14 49 1429477418675296
02 structure_references 3 6 49 1429477418764135
02 structure_references 4 6 49 1429477418824198
09 light 2 2 49 1429477421701384
03 biomes 1 6 49 1429477421913143
10 spawn 2 2 49 1429477422079645
03 biomes 3 6 49 1429477422351188
11 full 2 2 49 1429477422500370
03 biomes 2 6 49 1429477423133691
03 biomes 4 6 49 1429477424963536
04 noise -3 5 49 1429477432056907
04 noise -4 5 49 1429477432465060
04 noise -2 5 49 1429477432911486
04 noise -1 5 49 1429477433613811
04 noise 2 5 49 1429477442743757
04 noise 0 5 49 1429477442975910
04 noise 1 5 49 1429477443714832
04 noise -5 -4 49 1429477444225512
04 noise -5 -2 49 1429477452721577
04 noise -5 -1 49 1429477453722544
04 noise -5 -3 49 1429477454940578
04 noise -5 0 49 1429477454955943
01 structure_starts 13 14 49 1429477455295093
02 structure_references 5 6 49 1429477455430585
01 structure_starts 13 -14 49 1429477455723081
02 structure_references 5 -6 49 1429477455866116
03 biomes 5 6 49 1429477459390033
01 structure_starts 14 -14 49 1429477459549551
01 structure_starts 14 -13 49 1429477459577487
01 structure_starts 14 -12 49 1429477459602630
01 structure_starts 14 -11 49 1429477459628053
03 biomes 5 -6 49 1429477460885477
01 structure_starts 14 -10 49 1429477461829174
01 structure_starts 14 -9 49 1429477461863256
01 structure_starts 14 -8 49 1429477461888120
01 structure_starts 14 -7 49 1429477461913263
01 structure_starts 14 -6 49 1429477461937847
01 structure_starts 14 -5 49 1429477461962431
01 structure_starts 14 -4 49 1429477461986736
01 structure_starts 14 -3 49 1429477462047358
01 structure_starts 14 -2 49 1429477462074457
01 structure_starts 14 -1 49 1429477462110774
01 structure_starts 14 0 49 1429477462135358
01 structure_starts 14 1 49 1429477462159943
01 structure_starts 14 2 49 1429477462184527
01 structure_starts 14 3 49 1429477462209670
01 structure_starts 14 4 49 1429477462234254
01 structure_starts 14 5 49 1429477462258838
01 structure_starts 14 6 49 1429477462291524
01 structure_starts 14 7 49 1429477462318902
01 structure_starts 14 8 49 1429477462344045
02 structure_references 6 -6 49 1429477462537924
02 structure_references 6 -5 49 1429477462601061
02 structure_references 6 -4 49 1429477462660007
02 structure_references 6 -3 49 1429477462715601
02 structure_references 6 -2 49 1429477462770077
02 structure_references 6 -1 49 1429477462827347
02 structure_references 6 0 49 1429477462885176
04 noise -5 2 49 1429477462936300
04 noise -5 1 49 1429477463162306
03 biomes 6 -3 49 1429477466318858
03 biomes 6 -6 49 1429477466764725
03 biomes 6 -5 49 1429477466916979
03 biomes 6 -4 49 1429477468495395
01 structure_starts 14 9 49 1429477468687878
02 structure_references 6 1 49 1429477468799345
03 biomes 6 -2 49 1429477469343549
01 structure_starts 14 10 49 1429477469566203
01 structure_starts 14 11 49 1429477469594978
02 structure_references 6 2 49 1429477469667333
02 structure_references 6 3 49 1429477469724883
03 biomes 6 -1 49 1429477471646359
03 biomes 6 0 49 1429477471804759
03 biomes 6 1 49 1429477472184417
01 structure_starts 14 12 49 1429477472227719
02 structure_references 6 4 49 1429477472381649
01 structure_starts 14 13 49 1429477472582792
02 structure_references 6 5 49 1429477472662691
03 biomes 6 2 49 1429477472816063
03 biomes 6 3 49 1429477476459269
03 biomes 6 4 49 1429477476905695
03 biomes 6 5 49 1429477477713620
04 noise -5 -5 49 1429477483773059
04 noise -3 -5 49 1429477487146957
04 noise -4 -5 49 1429477487612939
04 noise -2 -5 49 1429477488918135
04 noise -1 -5 49 1429477495889702
04 noise 0 -5 49 1429477496928942
04 noise 1 -5 49 1429477497433756
04 noise 2 -5 49 1429477499535702
04 noise -5 3 49 1429477506345238
04 noise 3 -5 49 1429477507184452
04 noise -5 4 49 1429477507649037
04 noise -5 5 49 1429477508321190
05 surface -3 5 49 1429477509640634
05 surface -2 5 49 1429477512813389
05 surface -1 5 49 1429477516502131
05 surface 0 5 49 1429477520125503
05 surface 1 5 49 1429477524173789
06 carvers -3 5 49 1429477525513906
06 carvers -2 5 49 1429477526314847
06 carvers -1 5 49 1429477527188702
06 carvers 0 5 49 1429477527686252
06 carvers 1 5 49 1429477528746445
07 features -2 4 50 1429477536425925
07 features -1 4 51 1429477545986931
07 features 0 4 52 1429477551733202
05 surface 2 5 52 1429477555345119
06 carvers 2 5 52 1429477556768766
04 noise 3 5 53 1429477562118616
07 features 1 4 53 1429477563884207
05 surface -4 5 53 1429477568395122
06 carvers -4 5 53 1429477569425981
07 features -3 4 54 1429477576498400
05 surface -5 -4 54 1429477580798395
05 surface -5 -3 54 1429477584119492
05 surface -5 -2 54 1429477588450497
08 initialize_light -2 4 54 1429477589558181
08 initialize_light -1 4 54 1429477589617127
08 initialize_light 0 4 54 1429477589664619
08 initialize_light 1 4 54 1429477589700658
08 initialize_light -3 4 54 1429477589726638
05 surface -5 -1 54 1429477593058632
05 surface -5 0 54 1429477596864149
06 carvers -5 -4 54 1429477597815389
06 carvers -5 -3 54 1429477598573866
06 carvers -5 -2 54 1429477599632941
06 carvers -5 -1 54 1429477600442543
06 carvers -5 0 54 1429477601065248
07 features -4 -3 55 1429477607703812
07 features -4 -2 56 1429477613845944
07 features -4 -1 57 1429477621682147
01 structure_starts 14 14 57 1429477622241996
02 structure_references 6 6 57 1429477622395368
08 initialize_light -4 -3 57 1429477622782289
08 initialize_light -4 -2 57 1429477622816372
08 initialize_light -4 -1 57 1429477622843470
03 biomes 6 6 57 1429477628275454
05 surface -5 1 57 1429477628460115
05 surface -5 2 57 1429477632122038
06 carvers -5 1 57 1429477633316326
04 noise 4 -5 57 1429477633563844
04 noise 4 5 57 1429477633692073
06 carvers -5 2 57 1429477634539947
07 features -4 0 58 1429477641827757
07 features -4 1 59 1429477648432517
04 noise 5 -4 59 1429477658691659
04 noise 5 -2 59 1429477660698621
04 noise 5 -3 59 1429477661415473
04 noise 5 -5 59 1429477661948782
04 noise 5 -1 59 1429477670876467
04 noise 5 1 59 1429477671789992
04 noise 5 0 59 1429477672905220
04 noise 5 2 59 1429477673772371
05 surface -5 -5 59 1429477676594521
05 surface -4 -5 59 1429477681044535
04 noise 5 3 59 1429477682225414
04 noise 5 4 59 1429477683297619
05 surface -3 -5 59 1429477685876163
08 initialize_light -4 0 59 1429477686917358
08 initialize_light -4 1 59 1429477686980774
05 surface -2 -5 59 1429477691925824
05 surface -1 -5 59 1429477697144373
06 carvers -5 -5 59 1429477698591207
06 carvers -4 -5 59 1429477699907019
06 carvers -3 -5 59 1429477701060798
06 carvers -2 -5 59 1429477702491429
06 carvers -1 -5 59 1429477703398250
07 features -4 -4 60 1429477713176603
07 features -3 -4 61 1429477719857631
07 features -2 -4 62 1429477724954935
05 surface 0 -5 62 1429477730061179
06 carvers 0 -5 62 1429477730845916
08 initialize_light -4 -4 63 1429477737130245
08 initialize_light -3 -4 63 1429477737168797
08 initialize_light -2 -4 63 1429477737190867
07 features -1 -4 63 1429477737549852
08 initialize_light -1 -4 63 1429477737876430
05 surface 1 -5 63 1429477742406063
06 carvers 1 -5 63 1429477743220973
07 features 0 -4 64 1429477749582126
05 surface 2 -5 64 1429477754165957
06 carvers 2 -5 64 1429477754971647
07 features 1 -4 65 1429477760932190
05 surface -5 3 65 1429477765002826
06 carvers -5 3 65 1429477766454968
07 features -4 2 66 1429477771991155
05 surface 3 -5 66 1429477775443276
06 carvers 3 -5 66 1429477776300090
07 features 2 -4 67 1429477779539613
05 surface -5 4 67 1429477783558007
06 carvers -5 4 67 1429477784932486
08 initialize_light 0 -4 68 1429477787181378
08 initialize_light 1 -4 68 1429477787230547
08 initialize_light -4 2 68 1429477787256248
08 initialize_light 2 -4 68 1429477787310725
07 features -4 3 68 1429477793202265
05 surface -5 5 68 1429477797424875
06 carvers -5 5 68 1429477798664141
07 features -4 4 69 1429477811405166
05 surface 3 5 69 1429477815628615
06 carvers 3 5 69 1429477816947779
07 features 2 4 70 1429477821570161
05 surface 4 -5 70 1429477825744721
06 carvers 4 -5 70 1429477826582818
07 features 3 -4 71 1429477830554837
04 noise 5 5 71 1429477832890333
05 surface 4 5 71 1429477835239798
06 carvers 4 5 71 1429477835956929
07 features 3 4 72 1429477840377610
05 surface 5 -5 72 1429477844888246
08 initialize_light -4 3 72 1429477845509834
08 initialize_light -4 4 72 1429477845571854
09 light -2 3 72 1429477845597835
09 light -1 3 72 1429477845621022
08 initialize_light 2 4 72 1429477845648400
09 light 0 3 72 1429477845672146
09 light -3 -2 72 1429477845705949
08 initialize_light 3 -4 72 1429477845859600
08 initialize_light 3 4 72 1429477846125836
05 surface 5 -4 72 1429477849394971
05 surface 5 -3 72 1429477854179945
05 surface 5 -2 72 1429477860966572
05 surface 5 -1 72 1429477865347024
06 carvers 5 -5 72 1429477866457223
06 carvers 5 -4 72 1429477867411815
06 carvers 5 -3 72 1429477867878635
06 carvers 5 -2 72 1429477868634598
06 carvers 5 -1 72 1429477868933240
07 features 4 -4 73 1429477871763772
07 features 4 -3 74 1429477875857595
07 features 4 -2 75 1429477880341412
05 surface 5 0 75 1429477885975098
08 initialize_light 4 -4 75 1429477887184751
08 initialize_light 4 -3 75 1429477887228611
08 initialize_light 4 -2 75 1429477887255989
05 surface 5 1 75 1429477892371452
06 carvers 5 0 75 1429477893198374
06 carvers 5 1 75 1429477893698717
07 features 4 -1 76 1429477914881611
07 features 4 0 77 1429477918933529
05 surface 5 2 77 1429477924614707
06 carvers 5 2 77 1429477925613998
07 features 4 1 78 1429477928827819
05 surface 5 3 78 1429477933377567
06 carvers 5 3 78 1429477933972057
08 initialize_light 4 -1 79 1429477936867960
08 initialize_light 4 0 79 1429477936930538
08 initialize_light 4 1 79 1429477936960989
07 features 4 2 79 1429477937924241
08 initialize_light 4 2 79 1429477938244673
05 surface 5 4 79 1429477945726642
06 carvers 5 4 79 1429477946613628
07 features 4 3 80 1429477954362670
05 surface 5 5 80 1429477958739210
06 carvers 5 5 80 1429477959364151
07 features 4 4 81 1429477963129161
10 spawn -2 3 81 1429477963289796
10 spawn -1 3 81 1429477963377796
10 spawn 0 3 81 1429477963462165
10 spawn -3 -2 81 1429477963534800
11 full -2 3 81 1429477963754102
11 full -1 3 81 1429477964585773
11 full 0 3 81 1429477964809265
11 full -3 -2 81 1429477965074942
08 initialize_light 4 3 81 1429477976659673
09 light -3 -1 81 1429477976759127
09 light -3 0 81 1429477976785108
09 light -3 -3 81 1429477976809413
09 light -2 -3 81 1429477976846010
09 light -1 -3 81 1429477976870594
09 light 0 -3 81 1429477976898810
09 light -3 1 81 1429477976923673
10 spawn -3 -1 81 1429477977046315
09 light 1 -3 81 1429477977081236
09 light -3 2 81 1429477977106379
09 light -3 3 81 1429477977131242
10 spawn -3 0 81 1429477977140182
08 initialize_light 4 4 81 1429477977161693
10 spawn -3 -3 81 1429477977332665
10 spawn -2 -3 81 1429477977450557
10 spawn -1 -3 81 1429477977563979
10 spawn 0 -3 81 1429477977665668
10 spawn -3 1 81 1429477977769592
10 spawn 1 -3 81 1429477977867650
10 spawn -3 2 81 1429477977966824
10 spawn -3 3 81 1429477978095053
11 full -3 -1 81 1429477979162788
11 full -3 0 81 1429477979379017
09 light 1 3 81 1429477979441036
10 spawn 1 3 81 1429477979530154
11 full -3 -3 81 1429477979614243
11 full -2 -3 81 1429477979789126
11 full -1 -3 81 1429477980045584
11 full 0 -3 81 1429477980317965
11 full -3 1 81 1429477980536429
11 full 1 -3 81 1429477980669127
11 full -3 2 81 1429477980964417
11 full -3 3 81 1429477981248252
11 full 1 3 81 1429477983607215
09 light 2 -3 81 1429477990870161
09 light 2 3 81 1429477990966263
09 light 3 -3 81 1429477991051749
09 light 3 -2 81 1429477991086669
09 light 3 -1 81 1429477991133044
10 spawn 2 -3 81 1429477991144498
09 light 3 0 81 1429477991162377
09 light 3 1 81 1429477991191431
09 light 3 2 81 1429477991235850
10 spawn 2 3 81 1429477991256524
10 spawn 3 -3 81 1429477991372460
10 spawn 3 -2 81 1429477991528346
10 spawn 3 -1 81 1429477991704905
10 spawn 3 0 81 1429477991817490
10 spawn 3 1 81 1429477991912474
10 spawn 3 2 81 1429477992047966
09 light 3 3 81 1429477993774166
10 spawn 3 3 81 1429477993871944
11 full 2 -3 81 1429477996583745
11 full 2 3 81 1429477996938260
11 full 3 -3 81 1429477997124038
11 full 3 -2 81 1429477997218743
11 full 3 -1 81 1429477997385804
11 full 3 0 81 1429477997504534
11 full 3 1 81 1429477997617677
11 full 3 2 81 1429477997762947
11 full 3 3 81 1429477998317488
